/uw: two_plus_two: 4
/pjwstk: two_plus_two: 4
/: two_plus_two: 4
