/uw: epoch: 2000/01/01 00:00:00.000
/uw: afterY2K: true
/pjwstk: epoch: 2000/01/01 00:00:00.000
/pjwstk: afterY2K: true
/: epoch: 2000/01/01 00:00:00.000
/: afterY2K: true
