/uw: new_contacts: [khaki13, violet07, khaki31]
/pjwstk: new_contacts: [whatever01, whatever02]
/: new_contacts: [uw, pjwstk]
